Archive member included to satisfy reference by file (symbol)

/home/loxsete/opt/cross/lib/gcc/i686-elf/13.2.0/libgcc.a(_udivdi3.o)
                              build/c/info.o (__udivdi3)

There are no discarded input sections

Memory Configuration

Name             Origin             Length             Attributes
*default*        0x00000000         0xffffffff

Linker script and memory map

LOAD build/asm/kernel.o
LOAD build/c/utils.o
LOAD build/c/fat32.o
LOAD build/c/figures.o
LOAD build/c/drivers/multiboot.o
LOAD build/c/com.o
LOAD build/c/memory_viewer.o
LOAD build/c/font.o
LOAD build/c/keyboard.o
LOAD build/c/kernel.o
LOAD build/c/info.o
LOAD build/c/graphics.o
LOAD build/c/memory_utils.o
LOAD build/c/debug.o
LOAD /home/loxsete/opt/cross/lib/gcc/i686-elf/13.2.0/libgcc.a
                0x00100000                        . = 0x100000

.text           0x00100000     0x3f5a
 *(.text)
 .text          0x00100000       0x6e build/asm/kernel.o
                0x0010003b                read_port
                0x00100041                write_port
                0x0010004b                load_idt
                0x00100054                keyboard_handler
                0x0010005a                start
 *fill*         0x0010006e        0x2 
 .text          0x00100070      0x4cf build/c/utils.o
                0x00100070                outb
                0x00100080                inb
                0x00100090                inw
                0x001000a0                str_len
                0x001000c0                my_strlen
                0x001000e0                uint32_to_str
                0x00100180                uint_to_str
                0x00100210                uint64_to_str
                0x00100330                trim_string
                0x001003e0                str_cmp
                0x00100420                str_copy
                0x00100480                strncmp
                0x001004e0                format_filename_display
 *fill*         0x0010053f        0x1 
 .text          0x00100540      0x7f6 build/c/fat32.o
                0x00100980                fat32_init
                0x00100a70                fat32_get_cluster_chain
                0x00100ac0                fat32_read_file
                0x00100c70                fat32_list_dir
                0x00100c90                fat32_change_dir
                0x00100d30                fat32_get_current_path
 *fill*         0x00100d36        0xa 
 .text          0x00100d40      0x460 build/c/figures.o
                0x00100d40                draw_square
                0x00100da0                draw_rectangle
                0x00100e00                draw_circle
                0x00100e90                draw_triangle
 .text          0x001011a0       0x61 build/c/drivers/multiboot.o
                0x001011a0                multiboot_parse
 *fill*         0x00101201        0xf 
 .text          0x00101210      0x257 build/c/com.o
                0x00101210                com_init
                0x001012c0                com_send_char
                0x00101330                com_send_string
                0x001013a0                com_data_available
                0x001013f0                com_read_char
 *fill*         0x00101467        0x9 
 .text          0x00101470      0x575 build/c/memory_viewer.o
                0x00101770                memory_viewer_init
                0x00101790                memory_viewer_set_address
                0x001017a0                memory_viewer_get_address
                0x001017b0                memory_viewer_start
                0x001017c0                memory_viewer_stop
                0x001017f0                memory_viewer_is_active
                0x00101800                memory_viewer_page_up
                0x00101830                memory_viewer_page_down
                0x00101850                memory_viewer_line_up
                0x00101880                memory_viewer_line_down
                0x001018a0                memory_viewer_refresh
                0x001018b0                memory_viewer_handle_key
                0x00101970                parse_hex_address
 *fill*         0x001019e5        0xb 
 .text          0x001019f0      0x175 build/c/font.o
                0x001019f0                character
                0x00101a90                print_string
 *fill*         0x00101b65        0xb 
 .text          0x00101b70     0x10e4 build/c/keyboard.o
                0x00101b70                idt_init
                0x00101ce0                kb_init
                0x00101d00                process_command
                0x00102970                keyboard_handler_main
 *fill*         0x00102c54        0xc 
 .text          0x00102c60       0x8b build/c/kernel.o
                0x00102c60                kmain
 *fill*         0x00102ceb        0x5 
 .text          0x00102cf0      0x674 build/c/info.o
                0x00102d70                delay_ms
                0x00102dd0                get_cpu_info
                0x00102e70                estimate_cpu_frequency
                0x00102ef0                get_system_info
                0x00102f90                display_system_info
 *fill*         0x00103364        0xc 
 .text          0x00103370       0xcd build/c/graphics.o
                0x00103370                fb_init
                0x001033a0                pixel
                0x001033e0                clear_screen
 *fill*         0x0010343d        0x3 
 .text          0x00103440      0x891 build/c/memory_utils.o
                0x00103440                memory_dump
                0x001035f0                memory_search
                0x00103890                memory_fill
                0x001038d0                memory_copy
                0x00103900                memory_compare
                0x00103950                memory_stats
 *fill*         0x00103cd1        0xf 
 .text          0x00103ce0      0x15c build/c/debug.o
                0x00103ce0                debug_print
                0x00103dc0                debug_print_hex
 *fill*         0x00103e3c        0x4 
 .text          0x00103e40      0x11a /home/loxsete/opt/cross/lib/gcc/i686-elf/13.2.0/libgcc.a(_udivdi3.o)
                0x00103e40                __udivdi3

.iplt           0x00103f5a        0x0
 .iplt          0x00103f5a        0x0 build/asm/kernel.o

.multiboot      0x00103f60       0x30
 .multiboot     0x00103f60       0x30 build/asm/kernel.o

.rodata.str1.1  0x00103f90      0x71b
 .rodata.str1.1
                0x00103f90      0x71b build/c/fat32.o
                                0x11e (size before relaxing)
 .rodata.str1.1
                0x001046ab       0xa5 build/c/com.o
 .rodata.str1.1
                0x001046ab       0x2a build/c/memory_viewer.o
 .rodata.str1.1
                0x001046ab      0x465 build/c/keyboard.o
 .rodata.str1.1
                0x001046ab       0x1a build/c/kernel.o
 .rodata.str1.1
                0x001046ab       0x52 build/c/info.o
 .rodata.str1.1
                0x001046ab       0x76 build/c/memory_utils.o

.rodata.cst2    0x001046ac        0x6
 .rodata.cst2   0x001046ac        0x6 build/c/memory_viewer.o
 .rodata.cst2   0x001046b2        0x4 build/c/memory_utils.o
 .rodata.cst2   0x001046b2        0x2 build/c/debug.o

.rodata.str1.4  0x001046b4      0x103
 .rodata.str1.4
                0x001046b4      0x103 build/c/keyboard.o

.eh_frame       0x001047b8       0x64
 .eh_frame      0x001047b8       0x64 /home/loxsete/opt/cross/lib/gcc/i686-elf/13.2.0/libgcc.a(_udivdi3.o)

.rel.dyn        0x0010481c        0x0
 .rel.got       0x0010481c        0x0 build/asm/kernel.o
 .rel.iplt      0x0010481c        0x0 build/asm/kernel.o

.data           0x00104820      0xf40
 *(.data)
 .data          0x00104820        0x0 build/c/utils.o
 .data          0x00104820      0x100 build/c/fat32.o
 .data          0x00104920        0x0 build/c/figures.o
 .data          0x00104920        0x0 build/c/drivers/multiboot.o
 .data          0x00104920        0x4 build/c/com.o
                0x00104920                debug_y
 .data          0x00104924        0x0 build/c/memory_viewer.o
 *fill*         0x00104924       0x1c 
 .data          0x00104940      0xd00 build/c/font.o
                0x00104940                font8x8_basic
 .data          0x00105640      0x120 build/c/keyboard.o
                0x00105660                shifted_keyboard_map
                0x001056e0                keyboard_map
 .data          0x00105760        0x0 build/c/kernel.o
 .data          0x00105760        0x0 build/c/info.o
 .data          0x00105760        0x0 build/c/graphics.o
 .data          0x00105760        0x0 build/c/memory_utils.o
 .data          0x00105760        0x0 build/c/debug.o
 .data          0x00105760        0x0 /home/loxsete/opt/cross/lib/gcc/i686-elf/13.2.0/libgcc.a(_udivdi3.o)

.got            0x00105760        0x0
 .got           0x00105760        0x0 build/asm/kernel.o

.got.plt        0x00105760        0x0
 .got.plt       0x00105760        0x0 build/asm/kernel.o

.igot.plt       0x00105760        0x0
 .igot.plt      0x00105760        0x0 build/asm/kernel.o

.bss            0x00105760     0x32e0
 *(.bss)
 .bss           0x00105760     0x2000 build/asm/kernel.o
 .bss           0x00107760        0x0 build/c/utils.o
 .bss           0x00107760       0x18 build/c/fat32.o
 .bss           0x00107778        0x0 build/c/figures.o
 .bss           0x00107778        0x0 build/c/drivers/multiboot.o
 .bss           0x00107778        0x0 build/c/com.o
 .bss           0x00107778        0x8 build/c/memory_viewer.o
 .bss           0x00107780        0x0 build/c/font.o
 .bss           0x00107780      0xa40 build/c/keyboard.o
 .bss           0x001081c0        0x0 build/c/kernel.o
 .bss           0x001081c0        0x0 build/c/info.o
 .bss           0x001081c0        0xc build/c/graphics.o
                0x001081c0                height
                0x001081c2                width
                0x001081c4                pitch
                0x001081c8                framebuffer
 .bss           0x001081cc        0x0 build/c/memory_utils.o
 *fill*         0x001081cc       0x14 
 .bss           0x001081e0      0x860 build/c/debug.o
 .bss           0x00108a40        0x0 /home/loxsete/opt/cross/lib/gcc/i686-elf/13.2.0/libgcc.a(_udivdi3.o)
OUTPUT(build/kernel.bin elf32-i386)

.debug_info     0x00000000     0x595a
 .debug_info    0x00000000      0x5a2 build/c/utils.o
 .debug_info    0x000005a2      0xc57 build/c/fat32.o
 .debug_info    0x000011f9      0x5a5 build/c/figures.o
 .debug_info    0x0000179e      0x1dd build/c/drivers/multiboot.o
 .debug_info    0x0000197b      0x33e build/c/com.o
 .debug_info    0x00001cb9      0xa69 build/c/memory_viewer.o
 .debug_info    0x00002722      0x3c0 build/c/font.o
 .debug_info    0x00002ae2      0xe46 build/c/keyboard.o
 .debug_info    0x00003928      0x31e build/c/kernel.o
 .debug_info    0x00003c46      0xc3c build/c/info.o
 .debug_info    0x00004882      0x23b build/c/graphics.o
 .debug_info    0x00004abd      0x8bf build/c/memory_utils.o
 .debug_info    0x0000537c      0x2b2 build/c/debug.o
 .debug_info    0x0000562e      0x32c /home/loxsete/opt/cross/lib/gcc/i686-elf/13.2.0/libgcc.a(_udivdi3.o)

.debug_abbrev   0x00000000     0x19d3
 .debug_abbrev  0x00000000      0x222 build/c/utils.o
 .debug_abbrev  0x00000222      0x332 build/c/fat32.o
 .debug_abbrev  0x00000554      0x1d8 build/c/figures.o
 .debug_abbrev  0x0000072c       0xde build/c/drivers/multiboot.o
 .debug_abbrev  0x0000080a      0x19b build/c/com.o
 .debug_abbrev  0x000009a5      0x2fe build/c/memory_viewer.o
 .debug_abbrev  0x00000ca3      0x1c4 build/c/font.o
 .debug_abbrev  0x00000e67      0x273 build/c/keyboard.o
 .debug_abbrev  0x000010da      0x116 build/c/kernel.o
 .debug_abbrev  0x000011f0      0x2a4 build/c/info.o
 .debug_abbrev  0x00001494       0xfe build/c/graphics.o
 .debug_abbrev  0x00001592      0x1a7 build/c/memory_utils.o
 .debug_abbrev  0x00001739      0x13f build/c/debug.o
 .debug_abbrev  0x00001878      0x15b /home/loxsete/opt/cross/lib/gcc/i686-elf/13.2.0/libgcc.a(_udivdi3.o)

.debug_loclists
                0x00000000     0x2e7b
 .debug_loclists
                0x00000000      0x416 build/c/utils.o
 .debug_loclists
                0x00000416      0x697 build/c/fat32.o
 .debug_loclists
                0x00000aad      0x586 build/c/figures.o
 .debug_loclists
                0x00001033       0x6e build/c/drivers/multiboot.o
 .debug_loclists
                0x000010a1       0x86 build/c/com.o
 .debug_loclists
                0x00001127      0x303 build/c/memory_viewer.o
 .debug_loclists
                0x0000142a      0x31d build/c/font.o
 .debug_loclists
                0x00001747      0x30d build/c/keyboard.o
 .debug_loclists
                0x00001a54      0x6a6 build/c/info.o
 .debug_loclists
                0x000020fa       0x40 build/c/graphics.o
 .debug_loclists
                0x0000213a      0x7ad build/c/memory_utils.o
 .debug_loclists
                0x000028e7       0x88 build/c/debug.o
 .debug_loclists
                0x0000296f      0x50c /home/loxsete/opt/cross/lib/gcc/i686-elf/13.2.0/libgcc.a(_udivdi3.o)

.debug_aranges  0x00000000      0x1c0
 .debug_aranges
                0x00000000       0x20 build/c/utils.o
 .debug_aranges
                0x00000020       0x20 build/c/fat32.o
 .debug_aranges
                0x00000040       0x20 build/c/figures.o
 .debug_aranges
                0x00000060       0x20 build/c/drivers/multiboot.o
 .debug_aranges
                0x00000080       0x20 build/c/com.o
 .debug_aranges
                0x000000a0       0x20 build/c/memory_viewer.o
 .debug_aranges
                0x000000c0       0x20 build/c/font.o
 .debug_aranges
                0x000000e0       0x20 build/c/keyboard.o
 .debug_aranges
                0x00000100       0x20 build/c/kernel.o
 .debug_aranges
                0x00000120       0x20 build/c/info.o
 .debug_aranges
                0x00000140       0x20 build/c/graphics.o
 .debug_aranges
                0x00000160       0x20 build/c/memory_utils.o
 .debug_aranges
                0x00000180       0x20 build/c/debug.o
 .debug_aranges
                0x000001a0       0x20 /home/loxsete/opt/cross/lib/gcc/i686-elf/13.2.0/libgcc.a(_udivdi3.o)

.debug_rnglists
                0x00000000      0x6b3
 .debug_rnglists
                0x00000000       0x1e build/c/utils.o
 .debug_rnglists
                0x0000001e       0xd5 build/c/fat32.o
 .debug_rnglists
                0x000000f3       0x9c build/c/figures.o
 .debug_rnglists
                0x0000018f       0x13 build/c/drivers/multiboot.o
 .debug_rnglists
                0x000001a2       0x27 build/c/com.o
 .debug_rnglists
                0x000001c9      0x151 build/c/memory_viewer.o
 .debug_rnglists
                0x0000031a       0x99 build/c/font.o
 .debug_rnglists
                0x000003b3       0xd2 build/c/keyboard.o
 .debug_rnglists
                0x00000485       0xd7 build/c/info.o
 .debug_rnglists
                0x0000055c       0x17 build/c/graphics.o
 .debug_rnglists
                0x00000573      0x103 build/c/memory_utils.o
 .debug_rnglists
                0x00000676       0x13 build/c/debug.o
 .debug_rnglists
                0x00000689       0x2a /home/loxsete/opt/cross/lib/gcc/i686-elf/13.2.0/libgcc.a(_udivdi3.o)

.debug_line     0x00000000     0x3a4f
 .debug_line    0x00000000      0x51f build/c/utils.o
 .debug_line    0x0000051f      0x71d build/c/fat32.o
 .debug_line    0x00000c3c      0x53f build/c/figures.o
 .debug_line    0x0000117b       0xbe build/c/drivers/multiboot.o
 .debug_line    0x00001239      0x18b build/c/com.o
 .debug_line    0x000013c4      0x5d3 build/c/memory_viewer.o
 .debug_line    0x00001997      0x1f5 build/c/font.o
 .debug_line    0x00001b8c      0xa91 build/c/keyboard.o
 .debug_line    0x0000261d       0xaf build/c/kernel.o
 .debug_line    0x000026cc      0x71d build/c/info.o
 .debug_line    0x00002de9      0x143 build/c/graphics.o
 .debug_line    0x00002f2c      0x843 build/c/memory_utils.o
 .debug_line    0x0000376f      0x160 build/c/debug.o
 .debug_line    0x000038cf      0x180 /home/loxsete/opt/cross/lib/gcc/i686-elf/13.2.0/libgcc.a(_udivdi3.o)

.debug_str      0x00000000      0xcbc
 .debug_str     0x00000000      0xcbc build/c/utils.o
                                0x1d0 (size before relaxing)
 .debug_str     0x00000cbc      0x362 build/c/fat32.o
 .debug_str     0x00000cbc      0x194 build/c/figures.o
 .debug_str     0x00000cbc      0x1c7 build/c/drivers/multiboot.o
 .debug_str     0x00000cbc      0x17c build/c/com.o
 .debug_str     0x00000cbc      0x337 build/c/memory_viewer.o
 .debug_str     0x00000cbc      0x15a build/c/font.o
 .debug_str     0x00000cbc      0x4c2 build/c/keyboard.o
 .debug_str     0x00000cbc      0x295 build/c/kernel.o
 .debug_str     0x00000cbc      0x313 build/c/info.o
 .debug_str     0x00000cbc      0x1d9 build/c/graphics.o
 .debug_str     0x00000cbc      0x2a5 build/c/memory_utils.o
 .debug_str     0x00000cbc      0x18d build/c/debug.o
 .debug_str     0x00000cbc      0x1e3 /home/loxsete/opt/cross/lib/gcc/i686-elf/13.2.0/libgcc.a(_udivdi3.o)

.debug_line_str
                0x00000000      0x21b
 .debug_line_str
                0x00000000      0x21b build/c/utils.o
                                 0x93 (size before relaxing)
 .debug_line_str
                0x0000021b       0xab build/c/fat32.o
 .debug_line_str
                0x0000021b       0xb6 build/c/figures.o
 .debug_line_str
                0x0000021b       0xc3 build/c/drivers/multiboot.o
 .debug_line_str
                0x0000021b       0xa7 build/c/com.o
 .debug_line_str
                0x0000021b       0xc2 build/c/memory_viewer.o
 .debug_line_str
                0x0000021b       0x9f build/c/font.o
 .debug_line_str
                0x0000021b       0xf3 build/c/keyboard.o
 .debug_line_str
                0x0000021b       0xd6 build/c/kernel.o
 .debug_line_str
                0x0000021b       0xb2 build/c/info.o
 .debug_line_str
                0x0000021b       0xbb build/c/graphics.o
 .debug_line_str
                0x0000021b       0xbf build/c/memory_utils.o
 .debug_line_str
                0x0000021b       0xb4 build/c/debug.o
 .debug_line_str
                0x0000021b       0xc2 /home/loxsete/opt/cross/lib/gcc/i686-elf/13.2.0/libgcc.a(_udivdi3.o)

.comment        0x00000000       0x12
 .comment       0x00000000       0x12 build/c/utils.o
                                 0x13 (size before relaxing)
 .comment       0x00000012       0x13 build/c/fat32.o
 .comment       0x00000012       0x13 build/c/figures.o
 .comment       0x00000012       0x13 build/c/drivers/multiboot.o
 .comment       0x00000012       0x13 build/c/com.o
 .comment       0x00000012       0x13 build/c/memory_viewer.o
 .comment       0x00000012       0x13 build/c/font.o
 .comment       0x00000012       0x13 build/c/keyboard.o
 .comment       0x00000012       0x13 build/c/kernel.o
 .comment       0x00000012       0x13 build/c/info.o
 .comment       0x00000012       0x13 build/c/graphics.o
 .comment       0x00000012       0x13 build/c/memory_utils.o
 .comment       0x00000012       0x13 build/c/debug.o
 .comment       0x00000012       0x13 /home/loxsete/opt/cross/lib/gcc/i686-elf/13.2.0/libgcc.a(_udivdi3.o)

.debug_frame    0x00000000      0xc1c
 .debug_frame   0x00000000      0x248 build/c/utils.o
 .debug_frame   0x00000248      0x1bc build/c/fat32.o
 .debug_frame   0x00000404       0xc8 build/c/figures.o
 .debug_frame   0x000004cc       0x38 build/c/drivers/multiboot.o
 .debug_frame   0x00000504       0xe4 build/c/com.o
 .debug_frame   0x000005e8      0x174 build/c/memory_viewer.o
 .debug_frame   0x0000075c       0x6c build/c/font.o
 .debug_frame   0x000007c8       0xec build/c/keyboard.o
 .debug_frame   0x000008b4       0x30 build/c/kernel.o
 .debug_frame   0x000008e4      0x11c build/c/info.o
 .debug_frame   0x00000a00       0x80 build/c/graphics.o
 .debug_frame   0x00000a80      0x138 build/c/memory_utils.o
 .debug_frame   0x00000bb8       0x64 build/c/debug.o
